// Jest Snapshot v1, https://goo.gl/fbAQLP

exports[`ConfirmDialog component it matches the snapshot 1`] = `null`;
