// Jest Snapshot v1, https://goo.gl/fbAQLP

exports[`ChatForm component it matches the snapshot 1`] = `
<form
  className=""
  onSubmit={[Function]}
>
  <div
    className="form-group"
  >
    <input
      className="form-control"
      onChange={[Function]}
      placeholder="Введите сообщение"
      type="text"
      value=""
    />
  </div>
</form>
`;
