// Jest Snapshot v1, https://goo.gl/fbAQLP

exports[`Main-nav-bar component it matches the snapshot 1`] = `null`;
