// Jest Snapshot v1, https://goo.gl/fbAQLP

exports[`Presenter view it matches the snapshot 1`] = `
<p>
  .............connecting.............
</p>
`;
