// Jest Snapshot v1, https://goo.gl/fbAQLP

exports[`Spinner component it matches the snapshot 1`] = `null`;
