// Jest Snapshot v1, https://goo.gl/fbAQLP

exports[`Room view it matches the snapshot 1`] = `
<p>
  .............loading.............
</p>
`;
